[repro] JAX 0.10.0.dev20260612 devices: [CudaDevice(id=0), CudaDevice(id=1), CudaDevice(id=2), CudaDevice(id=3)]
[repro] output dir: /global/u1/l/linusu/GIGALens-Code/experiments/mclmc/debugging/diagnosis_2026-06/run_a_nmax25_ds1e-8_nb2000
[repro] system loaded: vela01_cam12_rep03
[repro] model built: n_max=25
[repro] running VelaBootstrapQzStage (map_steps=200, map_samples=100, diag_scale=1e-08)
Final Chi-squared: 1.51841
[repro] qz obtained in 79.8s; dim=17
[repro] qz mean[:4]: [-0.0337585  -0.0025613   0.44475716 -0.88432705]
[repro] starting MCLMC: n_chains=8, num_burnin=2000, num_results=500, seed=0
Sampling took 71.34453409700654 s
[repro] MCLMC done in 94.9s
[repro] saving to /global/u1/l/linusu/GIGALens-Code/experiments/mclmc/debugging/diagnosis_2026-06/run_a_nmax25_ds1e-8_nb2000
[repro]   saved position: shape=(8, 2500, 17)
[repro]   saved step_size: shape=(8, 2500)
[repro]   saved L: shape=(8, 2500)
[repro]   saved nonan: shape=(8, 2500)
[repro]   saved xi: shape=(8, 2500)
[repro]   saved energy_change_raw: shape=(8, 2500)
[repro]   saved kernel_nonan: shape=(8, 2500)
[repro]   saved step_norm: shape=(8, 2500)
[repro]   saved inverse_mass_matrix: shape=(8, 2500, 17, 17)

=== SUMMARY ===
  tune1     : eps 1.406 -> 7.243  xi[10,50,90]=[1e-08,0.0287,0.259]  kern_rej=0.000  step_norm_med=0.000399
  tune2     : eps 7.265 -> 1.675e-05  xi[10,50,90]=[1e-08,0.0287,2.87]  kern_rej=0.000  step_norm_med=0.00103
  tune3     : eps 1.675e-05 -> 1.675e-05  xi[10,50,90]=[-1,-1,-1]  kern_rej=0.000  step_norm_med=3.09e-07
  sampling  : eps 1.675e-05 -> 1.675e-05  xi[10,50,90]=[-1,-1,-1]  kern_rej=0.000  step_norm_med=2.72e-07
  MM window step= 514: eig [1.42e-08, 0.000782]  cond=5.51e+04  n_neg=0
  MM window step= 744: eig [3.22e-09, 0.00239]  cond=7.44e+05  n_neg=0
  MM window step=1203: eig [1.2e-08, 0.00781]  cond=6.51e+05  n_neg=0

[repro] all outputs written to /global/u1/l/linusu/GIGALens-Code/experiments/mclmc/debugging/diagnosis_2026-06/run_a_nmax25_ds1e-8_nb2000
