=== TAG=cpu host=nid003029 date=2026-05-05T15:38:13-07:00
=== EXTRA_ENV= export JAX_PLATFORMS=cpu
--- env relevant ---
CUDA_BASE_IMAGE=nvcr.io/nvidia/cuda-dl-base:25.03-cuda12.8-devel-ubuntu24.04
CUDA_CACHE_DISABLE=1
CUDA_DRIVER_VERSION=570.124.06
CUDA_HOME=/opt/nvidia/hpc_sdk/Linux_x86_64/25.5/cuda/12.9
CUDA_VERSION=12.8.1.012
JAX_PLATFORMS=cpu
REPRO_TAG=cpu
XLA_FLAGS= --xla_gpu_enable_latency_hiding_scheduler=true
--- nvidia-smi (before) ---
0, 40442 MiB, 0 MiB
1, 40442 MiB, 0 MiB
2, 40442 MiB, 0 MiB
3, 40442 MiB, 0 MiB
--- starting python ---
[repro:cpu] start, pid=1662221
[repro:cpu] cwd=/global/u1/l/linusu/GIGALens-Code/alternate_inference
[repro:cpu] importing jax...
[repro:cpu] jax devices: [CpuDevice(id=0)]  (1.9s)
[repro:cpu] imports done (15.4s)
[repro:cpu] model setup complete (16.9s); dim=38
[repro:cpu] calling MCLMC_JIT n_hmc=4 nb=10 nr=5 use_shard_map=False
Sampling took 12.626882593147457 s
[repro:cpu] DONE in 21.2s; samples shape=(4, 15, 38)
--- python exit code: 0 ---
--- nvidia-smi (after) ---
0, 40442 MiB, 0 MiB
1, 40442 MiB, 0 MiB
2, 40442 MiB, 0 MiB
3, 40442 MiB, 0 MiB
=== exit code: 0
=== signal name (if killed):  1) SIGHUP	 2) SIGINT	 3) SIGQUIT	 4) SIGILL	 5) SIGTRAP
 6) SIGABRT	 7) SIGBUS	 8) SIGFPE	 9) SIGKILL	10) SIGUSR1
11) SIGSEGV	12) SIGUSR2	13) SIGPIPE	14) SIGALRM	15) SIGTERM
16) SIGSTKFLT	17) SIGCHLD	18) SIGCONT	19) SIGSTOP	20) SIGTSTP
21) SIGTTIN	22) SIGTTOU	23) SIGURG	24) SIGXCPU	25) SIGXFSZ
26) SIGVTALRM	27) SIGPROF	28) SIGWINCH	29) SIGIO	30) SIGPWR
31) SIGSYS	34) SIGRTMIN	35) SIGRTMIN+1	36) SIGRTMIN+2	37) SIGRTMIN+3
38) SIGRTMIN+4	39) SIGRTMIN+5	40) SIGRTMIN+6	41) SIGRTMIN+7	42) SIGRTMIN+8
43) SIGRTMIN+9	44) SIGRTMIN+10	45) SIGRTMIN+11	46) SIGRTMIN+12	47) SIGRTMIN+13
48) SIGRTMIN+14	49) SIGRTMIN+15	50) SIGRTMAX-14	51) SIGRTMAX-13	52) SIGRTMAX-12
53) SIGRTMAX-11	54) SIGRTMAX-10	55) SIGRTMAX-9	56) SIGRTMAX-8	57) SIGRTMAX-7
58) SIGRTMAX-6	59) SIGRTMAX-5	60) SIGRTMAX-4	61) SIGRTMAX-3	62) SIGRTMAX-2
63) SIGRTMAX-1	64) SIGRTMAX	
