=== TAG=svi-numpy-roundtrip host=nid001073 image=docker:ghcr.io/nvidia/jax:jax-2026-04-13 date=2026-05-06T12:04:23-07:00
=== EXTRA_ENV=
--- versions ---
jax 0.10.0.dev20260506 jaxlib 0.10.0.dev20260506
tfp 0.26.0-dev20260505
optax 0.2.8
--- starting python ---
[repro:svi-numpy-roundtrip] start, pid=583715
[repro:svi-numpy-roundtrip] cwd=/global/u1/l/linusu/GIGALens-Code/alternate_inference
[repro:svi-numpy-roundtrip] importing jax...
[repro:svi-numpy-roundtrip] jax devices: [CudaDevice(id=0), CudaDevice(id=1), CudaDevice(id=2), CudaDevice(id=3)]  (3.2s)
[repro:svi-numpy-roundtrip] imports done (7.7s)
E0506 12:04:38.887605  583715 cuda_executor.cc:1206] [0] Failed to allocate device memory: INTERNAL: [0] Failed to allocate 29.62GiB (31804391424 bytes) of device memory: : CUDA_ERROR_OUT_OF_MEMORY: out of memory
E0506 12:04:38.888006  583715 cuda_executor.cc:1206] [0] Failed to allocate device memory: INTERNAL: [0] Failed to allocate 26.66GiB (28623951872 bytes) of device memory: : CUDA_ERROR_OUT_OF_MEMORY: out of memory
E0506 12:04:38.888379  583715 cuda_executor.cc:1206] [0] Failed to allocate device memory: INTERNAL: [0] Failed to allocate 23.99GiB (25761556480 bytes) of device memory: : CUDA_ERROR_OUT_OF_MEMORY: out of memory
E0506 12:04:38.888728  583715 cuda_executor.cc:1206] [0] Failed to allocate device memory: INTERNAL: [0] Failed to allocate 21.59GiB (23185399808 bytes) of device memory: : CUDA_ERROR_OUT_OF_MEMORY: out of memory
E0506 12:04:38.889071  583715 cuda_executor.cc:1206] [0] Failed to allocate device memory: INTERNAL: [0] Failed to allocate 19.43GiB (20866859008 bytes) of device memory: : CUDA_ERROR_OUT_OF_MEMORY: out of memory
E0506 12:04:38.889400  583715 cuda_executor.cc:1206] [0] Failed to allocate device memory: INTERNAL: [0] Failed to allocate 17.49GiB (18780172288 bytes) of device memory: : CUDA_ERROR_OUT_OF_MEMORY: out of memory
E0506 12:04:38.889736  583715 cuda_executor.cc:1206] [0] Failed to allocate device memory: INTERNAL: [0] Failed to allocate 15.74GiB (16902154240 bytes) of device memory: : CUDA_ERROR_OUT_OF_MEMORY: out of memory
E0506 12:04:38.890061  583715 cuda_executor.cc:1206] [0] Failed to allocate device memory: INTERNAL: [0] Failed to allocate 14.17GiB (15211938816 bytes) of device memory: : CUDA_ERROR_OUT_OF_MEMORY: out of memory
E0506 12:04:38.890403  583715 cuda_executor.cc:1206] [0] Failed to allocate device memory: INTERNAL: [0] Failed to allocate 12.75GiB (13690744832 bytes) of device memory: : CUDA_ERROR_OUT_OF_MEMORY: out of memory
E0506 12:04:38.890753  583715 cuda_executor.cc:1206] [0] Failed to allocate device memory: INTERNAL: [0] Failed to allocate 11.47GiB (12321670144 bytes) of device memory: : CUDA_ERROR_OUT_OF_MEMORY: out of memory
E0506 12:04:38.891087  583715 cuda_executor.cc:1206] [0] Failed to allocate device memory: INTERNAL: [0] Failed to allocate 10.33GiB (11089503232 bytes) of device memory: : CUDA_ERROR_OUT_OF_MEMORY: out of memory
E0506 12:04:38.891426  583715 cuda_executor.cc:1206] [0] Failed to allocate device memory: INTERNAL: [0] Failed to allocate 9.29GiB (9980552192 bytes) of device memory: : CUDA_ERROR_OUT_OF_MEMORY: out of memory
E0506 12:04:38.891762  583715 cuda_executor.cc:1206] [0] Failed to allocate device memory: INTERNAL: [0] Failed to allocate 8.37GiB (8982496256 bytes) of device memory: : CUDA_ERROR_OUT_OF_MEMORY: out of memory
[repro:svi-numpy-roundtrip] model setup complete (9.7s)
[repro:svi-numpy-roundtrip] === MAP ===
E0506 12:04:42.454889  583715 cuda_executor.cc:1206] [1] Failed to allocate device memory: INTERNAL: [1] Failed to allocate 29.62GiB (31804391424 bytes) of device memory: : CUDA_ERROR_OUT_OF_MEMORY: out of memory
E0506 12:04:42.455270  583715 cuda_executor.cc:1206] [1] Failed to allocate device memory: INTERNAL: [1] Failed to allocate 26.66GiB (28623951872 bytes) of device memory: : CUDA_ERROR_OUT_OF_MEMORY: out of memory
E0506 12:04:42.455646  583715 cuda_executor.cc:1206] [1] Failed to allocate device memory: INTERNAL: [1] Failed to allocate 23.99GiB (25761556480 bytes) of device memory: : CUDA_ERROR_OUT_OF_MEMORY: out of memory
E0506 12:04:42.456013  583715 cuda_executor.cc:1206] [1] Failed to allocate device memory: INTERNAL: [1] Failed to allocate 21.59GiB (23185399808 bytes) of device memory: : CUDA_ERROR_OUT_OF_MEMORY: out of memory
E0506 12:04:42.456362  583715 cuda_executor.cc:1206] [1] Failed to allocate device memory: INTERNAL: [1] Failed to allocate 19.43GiB (20866859008 bytes) of device memory: : CUDA_ERROR_OUT_OF_MEMORY: out of memory
E0506 12:04:42.456707  583715 cuda_executor.cc:1206] [1] Failed to allocate device memory: INTERNAL: [1] Failed to allocate 17.49GiB (18780172288 bytes) of device memory: : CUDA_ERROR_OUT_OF_MEMORY: out of memory
E0506 12:04:42.457047  583715 cuda_executor.cc:1206] [1] Failed to allocate device memory: INTERNAL: [1] Failed to allocate 15.74GiB (16902154240 bytes) of device memory: : CUDA_ERROR_OUT_OF_MEMORY: out of memory
E0506 12:04:42.457384  583715 cuda_executor.cc:1206] [1] Failed to allocate device memory: INTERNAL: [1] Failed to allocate 14.17GiB (15211938816 bytes) of device memory: : CUDA_ERROR_OUT_OF_MEMORY: out of memory
E0506 12:04:42.457718  583715 cuda_executor.cc:1206] [1] Failed to allocate device memory: INTERNAL: [1] Failed to allocate 12.75GiB (13690744832 bytes) of device memory: : CUDA_ERROR_OUT_OF_MEMORY: out of memory
E0506 12:04:42.458048  583715 cuda_executor.cc:1206] [1] Failed to allocate device memory: INTERNAL: [1] Failed to allocate 11.47GiB (12321670144 bytes) of device memory: : CUDA_ERROR_OUT_OF_MEMORY: out of memory
E0506 12:04:42.458396  583715 cuda_executor.cc:1206] [1] Failed to allocate device memory: INTERNAL: [1] Failed to allocate 10.33GiB (11089503232 bytes) of device memory: : CUDA_ERROR_OUT_OF_MEMORY: out of memory
E0506 12:04:42.458767  583715 cuda_executor.cc:1206] [1] Failed to allocate device memory: INTERNAL: [1] Failed to allocate 9.29GiB (9980552192 bytes) of device memory: : CUDA_ERROR_OUT_OF_MEMORY: out of memory
E0506 12:04:42.459101  583715 cuda_executor.cc:1206] [1] Failed to allocate device memory: INTERNAL: [1] Failed to allocate 8.37GiB (8982496256 bytes) of device memory: : CUDA_ERROR_OUT_OF_MEMORY: out of memory
E0506 12:04:42.485076  583715 cuda_executor.cc:1206] [2] Failed to allocate device memory: INTERNAL: [2] Failed to allocate 29.62GiB (31804391424 bytes) of device memory: : CUDA_ERROR_OUT_OF_MEMORY: out of memory
E0506 12:04:42.485979  583715 cuda_executor.cc:1206] [2] Failed to allocate device memory: INTERNAL: [2] Failed to allocate 26.66GiB (28623951872 bytes) of device memory: : CUDA_ERROR_OUT_OF_MEMORY: out of memory
E0506 12:04:42.486959  583715 cuda_executor.cc:1206] [2] Failed to allocate device memory: INTERNAL: [2] Failed to allocate 23.99GiB (25761556480 bytes) of device memory: : CUDA_ERROR_OUT_OF_MEMORY: out of memory
E0506 12:04:42.487941  583715 cuda_executor.cc:1206] [2] Failed to allocate device memory: INTERNAL: [2] Failed to allocate 21.59GiB (23185399808 bytes) of device memory: : CUDA_ERROR_OUT_OF_MEMORY: out of memory
E0506 12:04:42.488895  583715 cuda_executor.cc:1206] [2] Failed to allocate device memory: INTERNAL: [2] Failed to allocate 19.43GiB (20866859008 bytes) of device memory: : CUDA_ERROR_OUT_OF_MEMORY: out of memory
E0506 12:04:42.489983  583715 cuda_executor.cc:1206] [2] Failed to allocate device memory: INTERNAL: [2] Failed to allocate 17.49GiB (18780172288 bytes) of device memory: : CUDA_ERROR_OUT_OF_MEMORY: out of memory
E0506 12:04:42.490937  583715 cuda_executor.cc:1206] [2] Failed to allocate device memory: INTERNAL: [2] Failed to allocate 15.74GiB (16902154240 bytes) of device memory: : CUDA_ERROR_OUT_OF_MEMORY: out of memory
E0506 12:04:42.491879  583715 cuda_executor.cc:1206] [2] Failed to allocate device memory: INTERNAL: [2] Failed to allocate 14.17GiB (15211938816 bytes) of device memory: : CUDA_ERROR_OUT_OF_MEMORY: out of memory
E0506 12:04:42.492812  583715 cuda_executor.cc:1206] [2] Failed to allocate device memory: INTERNAL: [2] Failed to allocate 12.75GiB (13690744832 bytes) of device memory: : CUDA_ERROR_OUT_OF_MEMORY: out of memory
E0506 12:04:42.493752  583715 cuda_executor.cc:1206] [2] Failed to allocate device memory: INTERNAL: [2] Failed to allocate 11.47GiB (12321670144 bytes) of device memory: : CUDA_ERROR_OUT_OF_MEMORY: out of memory
E0506 12:04:42.494690  583715 cuda_executor.cc:1206] [2] Failed to allocate device memory: INTERNAL: [2] Failed to allocate 10.33GiB (11089503232 bytes) of device memory: : CUDA_ERROR_OUT_OF_MEMORY: out of memory
E0506 12:04:42.495624  583715 cuda_executor.cc:1206] [2] Failed to allocate device memory: INTERNAL: [2] Failed to allocate 9.29GiB (9980552192 bytes) of device memory: : CUDA_ERROR_OUT_OF_MEMORY: out of memory
E0506 12:04:42.496551  583715 cuda_executor.cc:1206] [2] Failed to allocate device memory: INTERNAL: [2] Failed to allocate 8.37GiB (8982496256 bytes) of device memory: : CUDA_ERROR_OUT_OF_MEMORY: out of memory
E0506 12:04:42.525533  583715 cuda_executor.cc:1206] [3] Failed to allocate device memory: INTERNAL: [3] Failed to allocate 29.62GiB (31804391424 bytes) of device memory: : CUDA_ERROR_OUT_OF_MEMORY: out of memory
E0506 12:04:42.526466  583715 cuda_executor.cc:1206] [3] Failed to allocate device memory: INTERNAL: [3] Failed to allocate 26.66GiB (28623951872 bytes) of device memory: : CUDA_ERROR_OUT_OF_MEMORY: out of memory
E0506 12:04:42.527405  583715 cuda_executor.cc:1206] [3] Failed to allocate device memory: INTERNAL: [3] Failed to allocate 23.99GiB (25761556480 bytes) of device memory: : CUDA_ERROR_OUT_OF_MEMORY: out of memory
E0506 12:04:42.528338  583715 cuda_executor.cc:1206] [3] Failed to allocate device memory: INTERNAL: [3] Failed to allocate 21.59GiB (23185399808 bytes) of device memory: : CUDA_ERROR_OUT_OF_MEMORY: out of memory
E0506 12:04:42.529269  583715 cuda_executor.cc:1206] [3] Failed to allocate device memory: INTERNAL: [3] Failed to allocate 19.43GiB (20866859008 bytes) of device memory: : CUDA_ERROR_OUT_OF_MEMORY: out of memory
E0506 12:04:42.530204  583715 cuda_executor.cc:1206] [3] Failed to allocate device memory: INTERNAL: [3] Failed to allocate 17.49GiB (18780172288 bytes) of device memory: : CUDA_ERROR_OUT_OF_MEMORY: out of memory
E0506 12:04:42.531117  583715 cuda_executor.cc:1206] [3] Failed to allocate device memory: INTERNAL: [3] Failed to allocate 15.74GiB (16902154240 bytes) of device memory: : CUDA_ERROR_OUT_OF_MEMORY: out of memory
E0506 12:04:42.532068  583715 cuda_executor.cc:1206] [3] Failed to allocate device memory: INTERNAL: [3] Failed to allocate 14.17GiB (15211938816 bytes) of device memory: : CUDA_ERROR_OUT_OF_MEMORY: out of memory
E0506 12:04:42.533022  583715 cuda_executor.cc:1206] [3] Failed to allocate device memory: INTERNAL: [3] Failed to allocate 12.75GiB (13690744832 bytes) of device memory: : CUDA_ERROR_OUT_OF_MEMORY: out of memory
E0506 12:04:42.533956  583715 cuda_executor.cc:1206] [3] Failed to allocate device memory: INTERNAL: [3] Failed to allocate 11.47GiB (12321670144 bytes) of device memory: : CUDA_ERROR_OUT_OF_MEMORY: out of memory
E0506 12:04:42.535451  583715 cuda_executor.cc:1206] [3] Failed to allocate device memory: INTERNAL: [3] Failed to allocate 10.33GiB (11089503232 bytes) of device memory: : CUDA_ERROR_OUT_OF_MEMORY: out of memory
E0506 12:04:42.536128  583715 cuda_executor.cc:1206] [3] Failed to allocate device memory: INTERNAL: [3] Failed to allocate 9.29GiB (9980552192 bytes) of device memory: : CUDA_ERROR_OUT_OF_MEMORY: out of memory
E0506 12:04:42.537052  583715 cuda_executor.cc:1206] [3] Failed to allocate device memory: INTERNAL: [3] Failed to allocate 8.37GiB (8982496256 bytes) of device memory: : CUDA_ERROR_OUT_OF_MEMORY: out of memory
Final Chi-squared: 12.65583
[repro:svi-numpy-roundtrip] MAP done in 18.1s; shapes=(64, 10, 38),(64, 10),(64, 10)
[repro:svi-numpy-roundtrip] MAP best-row shape=(10, 38) sample[0]=0.02519
[repro:svi-numpy-roundtrip] === SVI ===
[repro:svi-numpy-roundtrip] SVI EXCEPTION after 4.0s: ValueError: pytree structure error: different types at key path
    shard_map out_specs[0]
At that key path, the prefix pytree shard_map out_specs has a subtree of type
    <class 'NoneType'>
but at the same key path the full pytree has a subtree of different type
    <class 'jax._src.interpreters.partial_eval.DynamicJaxprTracer'>.
Traceback (most recent call last):
  File "/global/homes/l/linusu/GIGALens-Code/alternate_inference/repro_svi_map.py", line 129, in <module>
    qz, loss_hist = model_seq.SVI(
                    ^^^^^^^^^^^^^^
  File "/global/homes/l/linusu//gigalens/src/gigalens/jax/inference.py", line 324, in SVI
    best_params, best_loss, loss_hist = run_svi(replicated_params, opt_state, key)
                                        ^^^^^^^^^^^^^^^^^^^^^^^^^^^^^^^^^^^^^^^^^^
ValueError: pytree structure error: different types at key path
    shard_map out_specs[0]
At that key path, the prefix pytree shard_map out_specs has a subtree of type
    <class 'NoneType'>
but at the same key path the full pytree has a subtree of different type
    <class 'jax._src.interpreters.partial_eval.DynamicJaxprTracer'>.
--------------------
For simplicity, JAX has removed its internal frames from the traceback of the following exception. Set JAX_TRACEBACK_FILTERING=off to include these.
--- python exit code: 3 ---
=== exit code: 3
