=== TAG=shardmap-fix-v3 host=nid003029 image=docker:ghcr.io/nvidia/jax:jax-2026-04-13 date=2026-05-05T17:24:42-07:00
=== EXTRA_ENV=
--- versions ---
jax 0.10.0.dev20260505 jaxlib 0.10.0.dev20260505
tfp 0.26.0-dev20260505
blackjax 1.5
--- starting python ---
[repro:shardmap-fix-v3] start, pid=1720220
[repro:shardmap-fix-v3] cwd=/global/u1/l/linusu/GIGALens-Code/alternate_inference
[repro:shardmap-fix-v3] importing jax...
[repro:shardmap-fix-v3] jax devices: [CudaDevice(id=0), CudaDevice(id=1), CudaDevice(id=2), CudaDevice(id=3)]  (4.2s)
[repro:shardmap-fix-v3] imports done (12.1s)
[repro:shardmap-fix-v3] model setup complete (14.4s); dim=38
[repro:shardmap-fix-v3] calling MCLMC_JIT n_hmc=8 nb=30 nr=20 use_shard_map=True
[repro:shardmap-fix-v3] EXCEPTION after 16.5s: ValueError: The spec of NamedSharding passed to with_sharding_constraint can only refer to Auto axes of the mesh. Got spec=P(None, 'device') and mesh=AbstractMesh('device': 4, axis_types=(Explicit,), device_kind=NVIDIA A100-SXM4-40GB, num_cores=108). You probably meant to use `reshard` API?
Traceback (most recent call last):
  File "/global/homes/l/linusu/GIGALens-Code/alternate_inference/repro_mclmc_238.py", line 226, in <module>
    debug_hist = MCLMC_JIT(
                 ^^^^^^^^^^
  File "/global/homes/l/linusu//GIGALens-Code/alternate_inference/mclmc_alt.py", line 280, in MCLMC_JIT
    debug_hist, params = adapt_fn(
                         ^^^^^^^^^
  File "/global/homes/l/linusu//GIGALens-Code/alternate_inference/mclmc_alt.py", line 1305, in full_mclmc_with_adapt_sharded
    carry, samples = run_sharded(
                     ^^^^^^^^^^^^
  File "/global/homes/l/linusu//GIGALens-Code/alternate_inference/mclmc_alt.py", line 1293, in run_sharded
    wsc(xs[2], _ns(P(None, 'device'))),
    ^^^^^^^^^^^^^^^^^^^^^^^^^^^^^^^^^^
ValueError: The spec of NamedSharding passed to with_sharding_constraint can only refer to Auto axes of the mesh. Got spec=P(None, 'device') and mesh=AbstractMesh('device': 4, axis_types=(Explicit,), device_kind=NVIDIA A100-SXM4-40GB, num_cores=108). You probably meant to use `reshard` API?
--------------------
For simplicity, JAX has removed its internal frames from the traceback of the following exception. Set JAX_TRACEBACK_FILTERING=off to include these.
--- python exit code: 2 ---
=== exit code: 2
