=== TAG=full-err host=nid003029 date=2026-05-05T15:44:05-07:00
=== EXTRA_ENV= export XLA_FLAGS=--xla_gpu_autotune_level=0
--- env relevant ---
CUDA_BASE_IMAGE=nvcr.io/nvidia/cuda-dl-base:25.03-cuda12.8-devel-ubuntu24.04
CUDA_CACHE_DISABLE=1
CUDA_DRIVER_VERSION=570.124.06
CUDA_HOME=/opt/nvidia/hpc_sdk/Linux_x86_64/25.5/cuda/12.9
CUDA_VERSION=12.8.1.012
REPRO_TAG=full-err
XLA_FLAGS=--xla_gpu_autotune_level=0
--- nvidia-smi (before) ---
0, 40442 MiB, 0 MiB
1, 40442 MiB, 0 MiB
2, 40442 MiB, 0 MiB
3, 40442 MiB, 0 MiB
--- starting python ---
[repro:full-err] start, pid=1670469
[repro:full-err] cwd=/global/u1/l/linusu/GIGALens-Code/alternate_inference
[repro:full-err] importing jax...
[repro:full-err] jax devices: [CudaDevice(id=0), CudaDevice(id=1), CudaDevice(id=2), CudaDevice(id=3)]  (3.0s)
[repro:full-err] imports done (11.4s)
[repro:full-err] model setup complete (13.8s); dim=38
[repro:full-err] calling MCLMC_JIT n_hmc=4 nb=10 nr=5 use_shard_map=False
[repro:full-err] EXCEPTION after 5.8s: XlaRuntimeError: CANCELLED: Contracting dimension is too fragmented.
Traceback (most recent call last):
  File "/global/homes/l/linusu/GIGALens-Code/alternate_inference/repro_mclmc_238.py", line 171, in <module>
    debug_hist = MCLMC_JIT(
                 ^^^^^^^^^^
  File "/global/homes/l/linusu//GIGALens-Code/alternate_inference/mclmc_alt.py", line 266, in MCLMC_JIT
    state_multi = init_multi(qz.sample((n_chains,), seed=init_key), init_key, log_prob)
                  ^^^^^^^^^^^^^^^^^^^^^^^^^^^^^^^^^^^^^^^^^^^^^^^^^^^^^^^^^^^^^^^^^^^^^
  File "/global/homes/l/linusu//GIGALens-Code/alternate_inference/mclmc_alt.py", line 411, in init_multi
    return init_fn(positions, rng_keys)
           ^^^^^^^^^^^^^^^^^^^^^^^^^^^^
jaxlib._jax.XlaRuntimeError: CANCELLED: Contracting dimension is too fragmented.
--------------------
For simplicity, JAX has removed its internal frames from the traceback of the following exception. Set JAX_TRACEBACK_FILTERING=off to include these.
--- python exit code: 2 ---
--- nvidia-smi (after) ---
0, 40442 MiB, 0 MiB
1, 40442 MiB, 0 MiB
2, 40442 MiB, 0 MiB
3, 40442 MiB, 0 MiB
=== exit code: 2
=== signal name (if killed):  1) SIGHUP	 2) SIGINT	 3) SIGQUIT	 4) SIGILL	 5) SIGTRAP
 6) SIGABRT	 7) SIGBUS	 8) SIGFPE	 9) SIGKILL	10) SIGUSR1
11) SIGSEGV	12) SIGUSR2	13) SIGPIPE	14) SIGALRM	15) SIGTERM
16) SIGSTKFLT	17) SIGCHLD	18) SIGCONT	19) SIGSTOP	20) SIGTSTP
21) SIGTTIN	22) SIGTTOU	23) SIGURG	24) SIGXCPU	25) SIGXFSZ
26) SIGVTALRM	27) SIGPROF	28) SIGWINCH	29) SIGIO	30) SIGPWR
31) SIGSYS	34) SIGRTMIN	35) SIGRTMIN+1	36) SIGRTMIN+2	37) SIGRTMIN+3
38) SIGRTMIN+4	39) SIGRTMIN+5	40) SIGRTMIN+6	41) SIGRTMIN+7	42) SIGRTMIN+8
43) SIGRTMIN+9	44) SIGRTMIN+10	45) SIGRTMIN+11	46) SIGRTMIN+12	47) SIGRTMIN+13
48) SIGRTMIN+14	49) SIGRTMIN+15	50) SIGRTMAX-14	51) SIGRTMAX-13	52) SIGRTMAX-12
53) SIGRTMAX-11	54) SIGRTMAX-10	55) SIGRTMAX-9	56) SIGRTMAX-8	57) SIGRTMAX-7
58) SIGRTMAX-6	59) SIGRTMAX-5	60) SIGRTMAX-4	61) SIGRTMAX-3	62) SIGRTMAX-2
63) SIGRTMAX-1	64) SIGRTMAX	
