=== TAG=svi-pcast-fix host=nid001073 image=docker:ghcr.io/nvidia/jax:jax-2026-04-13 date=2026-05-06T11:48:30-07:00
=== EXTRA_ENV=
--- versions ---
jax 0.10.0.dev20260506 jaxlib 0.10.0.dev20260506
tfp 0.26.0-dev20260505
optax 0.2.8
--- starting python ---
[repro:svi-pcast-fix] start, pid=568965
[repro:svi-pcast-fix] cwd=/global/u1/l/linusu/GIGALens-Code/alternate_inference
[repro:svi-pcast-fix] importing jax...
[repro:svi-pcast-fix] jax devices: [CudaDevice(id=0), CudaDevice(id=1), CudaDevice(id=2), CudaDevice(id=3)]  (3.3s)
[repro:svi-pcast-fix] imports done (9.3s)
E0506 11:48:47.271663  568965 cuda_executor.cc:1206] [0] Failed to allocate device memory: INTERNAL: [0] Failed to allocate 29.62GiB (31804391424 bytes) of device memory: : CUDA_ERROR_OUT_OF_MEMORY: out of memory
E0506 11:48:47.272033  568965 cuda_executor.cc:1206] [0] Failed to allocate device memory: INTERNAL: [0] Failed to allocate 26.66GiB (28623951872 bytes) of device memory: : CUDA_ERROR_OUT_OF_MEMORY: out of memory
E0506 11:48:47.272386  568965 cuda_executor.cc:1206] [0] Failed to allocate device memory: INTERNAL: [0] Failed to allocate 23.99GiB (25761556480 bytes) of device memory: : CUDA_ERROR_OUT_OF_MEMORY: out of memory
E0506 11:48:47.272734  568965 cuda_executor.cc:1206] [0] Failed to allocate device memory: INTERNAL: [0] Failed to allocate 21.59GiB (23185399808 bytes) of device memory: : CUDA_ERROR_OUT_OF_MEMORY: out of memory
E0506 11:48:47.273080  568965 cuda_executor.cc:1206] [0] Failed to allocate device memory: INTERNAL: [0] Failed to allocate 19.43GiB (20866859008 bytes) of device memory: : CUDA_ERROR_OUT_OF_MEMORY: out of memory
E0506 11:48:47.273420  568965 cuda_executor.cc:1206] [0] Failed to allocate device memory: INTERNAL: [0] Failed to allocate 17.49GiB (18780172288 bytes) of device memory: : CUDA_ERROR_OUT_OF_MEMORY: out of memory
E0506 11:48:47.273760  568965 cuda_executor.cc:1206] [0] Failed to allocate device memory: INTERNAL: [0] Failed to allocate 15.74GiB (16902154240 bytes) of device memory: : CUDA_ERROR_OUT_OF_MEMORY: out of memory
E0506 11:48:47.274091  568965 cuda_executor.cc:1206] [0] Failed to allocate device memory: INTERNAL: [0] Failed to allocate 14.17GiB (15211938816 bytes) of device memory: : CUDA_ERROR_OUT_OF_MEMORY: out of memory
E0506 11:48:47.274417  568965 cuda_executor.cc:1206] [0] Failed to allocate device memory: INTERNAL: [0] Failed to allocate 12.75GiB (13690744832 bytes) of device memory: : CUDA_ERROR_OUT_OF_MEMORY: out of memory
E0506 11:48:47.274770  568965 cuda_executor.cc:1206] [0] Failed to allocate device memory: INTERNAL: [0] Failed to allocate 11.47GiB (12321670144 bytes) of device memory: : CUDA_ERROR_OUT_OF_MEMORY: out of memory
E0506 11:48:47.275105  568965 cuda_executor.cc:1206] [0] Failed to allocate device memory: INTERNAL: [0] Failed to allocate 10.33GiB (11089503232 bytes) of device memory: : CUDA_ERROR_OUT_OF_MEMORY: out of memory
E0506 11:48:47.275440  568965 cuda_executor.cc:1206] [0] Failed to allocate device memory: INTERNAL: [0] Failed to allocate 9.29GiB (9980552192 bytes) of device memory: : CUDA_ERROR_OUT_OF_MEMORY: out of memory
E0506 11:48:47.275776  568965 cuda_executor.cc:1206] [0] Failed to allocate device memory: INTERNAL: [0] Failed to allocate 8.37GiB (8982496256 bytes) of device memory: : CUDA_ERROR_OUT_OF_MEMORY: out of memory
[repro:svi-pcast-fix] model setup complete (11.3s)
[repro:svi-pcast-fix] === MAP ===
E0506 11:48:50.771408  568965 cuda_executor.cc:1206] [1] Failed to allocate device memory: INTERNAL: [1] Failed to allocate 29.62GiB (31804391424 bytes) of device memory: : CUDA_ERROR_OUT_OF_MEMORY: out of memory
E0506 11:48:50.771807  568965 cuda_executor.cc:1206] [1] Failed to allocate device memory: INTERNAL: [1] Failed to allocate 26.66GiB (28623951872 bytes) of device memory: : CUDA_ERROR_OUT_OF_MEMORY: out of memory
E0506 11:48:50.772195  568965 cuda_executor.cc:1206] [1] Failed to allocate device memory: INTERNAL: [1] Failed to allocate 23.99GiB (25761556480 bytes) of device memory: : CUDA_ERROR_OUT_OF_MEMORY: out of memory
E0506 11:48:50.772561  568965 cuda_executor.cc:1206] [1] Failed to allocate device memory: INTERNAL: [1] Failed to allocate 21.59GiB (23185399808 bytes) of device memory: : CUDA_ERROR_OUT_OF_MEMORY: out of memory
E0506 11:48:50.772928  568965 cuda_executor.cc:1206] [1] Failed to allocate device memory: INTERNAL: [1] Failed to allocate 19.43GiB (20866859008 bytes) of device memory: : CUDA_ERROR_OUT_OF_MEMORY: out of memory
E0506 11:48:50.773287  568965 cuda_executor.cc:1206] [1] Failed to allocate device memory: INTERNAL: [1] Failed to allocate 17.49GiB (18780172288 bytes) of device memory: : CUDA_ERROR_OUT_OF_MEMORY: out of memory
E0506 11:48:50.773653  568965 cuda_executor.cc:1206] [1] Failed to allocate device memory: INTERNAL: [1] Failed to allocate 15.74GiB (16902154240 bytes) of device memory: : CUDA_ERROR_OUT_OF_MEMORY: out of memory
E0506 11:48:50.774021  568965 cuda_executor.cc:1206] [1] Failed to allocate device memory: INTERNAL: [1] Failed to allocate 14.17GiB (15211938816 bytes) of device memory: : CUDA_ERROR_OUT_OF_MEMORY: out of memory
E0506 11:48:50.774391  568965 cuda_executor.cc:1206] [1] Failed to allocate device memory: INTERNAL: [1] Failed to allocate 12.75GiB (13690744832 bytes) of device memory: : CUDA_ERROR_OUT_OF_MEMORY: out of memory
E0506 11:48:50.774756  568965 cuda_executor.cc:1206] [1] Failed to allocate device memory: INTERNAL: [1] Failed to allocate 11.47GiB (12321670144 bytes) of device memory: : CUDA_ERROR_OUT_OF_MEMORY: out of memory
E0506 11:48:50.775109  568965 cuda_executor.cc:1206] [1] Failed to allocate device memory: INTERNAL: [1] Failed to allocate 10.33GiB (11089503232 bytes) of device memory: : CUDA_ERROR_OUT_OF_MEMORY: out of memory
E0506 11:48:50.775469  568965 cuda_executor.cc:1206] [1] Failed to allocate device memory: INTERNAL: [1] Failed to allocate 9.29GiB (9980552192 bytes) of device memory: : CUDA_ERROR_OUT_OF_MEMORY: out of memory
E0506 11:48:50.775827  568965 cuda_executor.cc:1206] [1] Failed to allocate device memory: INTERNAL: [1] Failed to allocate 8.37GiB (8982496256 bytes) of device memory: : CUDA_ERROR_OUT_OF_MEMORY: out of memory
E0506 11:48:50.801253  568965 cuda_executor.cc:1206] [2] Failed to allocate device memory: INTERNAL: [2] Failed to allocate 29.62GiB (31804391424 bytes) of device memory: : CUDA_ERROR_OUT_OF_MEMORY: out of memory
E0506 11:48:50.801622  568965 cuda_executor.cc:1206] [2] Failed to allocate device memory: INTERNAL: [2] Failed to allocate 26.66GiB (28623951872 bytes) of device memory: : CUDA_ERROR_OUT_OF_MEMORY: out of memory
E0506 11:48:50.802019  568965 cuda_executor.cc:1206] [2] Failed to allocate device memory: INTERNAL: [2] Failed to allocate 23.99GiB (25761556480 bytes) of device memory: : CUDA_ERROR_OUT_OF_MEMORY: out of memory
E0506 11:48:50.802378  568965 cuda_executor.cc:1206] [2] Failed to allocate device memory: INTERNAL: [2] Failed to allocate 21.59GiB (23185399808 bytes) of device memory: : CUDA_ERROR_OUT_OF_MEMORY: out of memory
E0506 11:48:50.802739  568965 cuda_executor.cc:1206] [2] Failed to allocate device memory: INTERNAL: [2] Failed to allocate 19.43GiB (20866859008 bytes) of device memory: : CUDA_ERROR_OUT_OF_MEMORY: out of memory
E0506 11:48:50.803092  568965 cuda_executor.cc:1206] [2] Failed to allocate device memory: INTERNAL: [2] Failed to allocate 17.49GiB (18780172288 bytes) of device memory: : CUDA_ERROR_OUT_OF_MEMORY: out of memory
E0506 11:48:50.803433  568965 cuda_executor.cc:1206] [2] Failed to allocate device memory: INTERNAL: [2] Failed to allocate 15.74GiB (16902154240 bytes) of device memory: : CUDA_ERROR_OUT_OF_MEMORY: out of memory
E0506 11:48:50.803773  568965 cuda_executor.cc:1206] [2] Failed to allocate device memory: INTERNAL: [2] Failed to allocate 14.17GiB (15211938816 bytes) of device memory: : CUDA_ERROR_OUT_OF_MEMORY: out of memory
E0506 11:48:50.804114  568965 cuda_executor.cc:1206] [2] Failed to allocate device memory: INTERNAL: [2] Failed to allocate 12.75GiB (13690744832 bytes) of device memory: : CUDA_ERROR_OUT_OF_MEMORY: out of memory
E0506 11:48:50.804448  568965 cuda_executor.cc:1206] [2] Failed to allocate device memory: INTERNAL: [2] Failed to allocate 11.47GiB (12321670144 bytes) of device memory: : CUDA_ERROR_OUT_OF_MEMORY: out of memory
E0506 11:48:50.804781  568965 cuda_executor.cc:1206] [2] Failed to allocate device memory: INTERNAL: [2] Failed to allocate 10.33GiB (11089503232 bytes) of device memory: : CUDA_ERROR_OUT_OF_MEMORY: out of memory
E0506 11:48:50.805118  568965 cuda_executor.cc:1206] [2] Failed to allocate device memory: INTERNAL: [2] Failed to allocate 9.29GiB (9980552192 bytes) of device memory: : CUDA_ERROR_OUT_OF_MEMORY: out of memory
E0506 11:48:50.805454  568965 cuda_executor.cc:1206] [2] Failed to allocate device memory: INTERNAL: [2] Failed to allocate 8.37GiB (8982496256 bytes) of device memory: : CUDA_ERROR_OUT_OF_MEMORY: out of memory
E0506 11:48:50.831204  568965 cuda_executor.cc:1206] [3] Failed to allocate device memory: INTERNAL: [3] Failed to allocate 29.62GiB (31804391424 bytes) of device memory: : CUDA_ERROR_OUT_OF_MEMORY: out of memory
E0506 11:48:50.831580  568965 cuda_executor.cc:1206] [3] Failed to allocate device memory: INTERNAL: [3] Failed to allocate 26.66GiB (28623951872 bytes) of device memory: : CUDA_ERROR_OUT_OF_MEMORY: out of memory
E0506 11:48:50.831934  568965 cuda_executor.cc:1206] [3] Failed to allocate device memory: INTERNAL: [3] Failed to allocate 23.99GiB (25761556480 bytes) of device memory: : CUDA_ERROR_OUT_OF_MEMORY: out of memory
E0506 11:48:50.832282  568965 cuda_executor.cc:1206] [3] Failed to allocate device memory: INTERNAL: [3] Failed to allocate 21.59GiB (23185399808 bytes) of device memory: : CUDA_ERROR_OUT_OF_MEMORY: out of memory
E0506 11:48:50.832626  568965 cuda_executor.cc:1206] [3] Failed to allocate device memory: INTERNAL: [3] Failed to allocate 19.43GiB (20866859008 bytes) of device memory: : CUDA_ERROR_OUT_OF_MEMORY: out of memory
E0506 11:48:50.832971  568965 cuda_executor.cc:1206] [3] Failed to allocate device memory: INTERNAL: [3] Failed to allocate 17.49GiB (18780172288 bytes) of device memory: : CUDA_ERROR_OUT_OF_MEMORY: out of memory
E0506 11:48:50.833315  568965 cuda_executor.cc:1206] [3] Failed to allocate device memory: INTERNAL: [3] Failed to allocate 15.74GiB (16902154240 bytes) of device memory: : CUDA_ERROR_OUT_OF_MEMORY: out of memory
E0506 11:48:50.833661  568965 cuda_executor.cc:1206] [3] Failed to allocate device memory: INTERNAL: [3] Failed to allocate 14.17GiB (15211938816 bytes) of device memory: : CUDA_ERROR_OUT_OF_MEMORY: out of memory
E0506 11:48:50.834004  568965 cuda_executor.cc:1206] [3] Failed to allocate device memory: INTERNAL: [3] Failed to allocate 12.75GiB (13690744832 bytes) of device memory: : CUDA_ERROR_OUT_OF_MEMORY: out of memory
E0506 11:48:50.834342  568965 cuda_executor.cc:1206] [3] Failed to allocate device memory: INTERNAL: [3] Failed to allocate 11.47GiB (12321670144 bytes) of device memory: : CUDA_ERROR_OUT_OF_MEMORY: out of memory
E0506 11:48:50.834686  568965 cuda_executor.cc:1206] [3] Failed to allocate device memory: INTERNAL: [3] Failed to allocate 10.33GiB (11089503232 bytes) of device memory: : CUDA_ERROR_OUT_OF_MEMORY: out of memory
E0506 11:48:50.835034  568965 cuda_executor.cc:1206] [3] Failed to allocate device memory: INTERNAL: [3] Failed to allocate 9.29GiB (9980552192 bytes) of device memory: : CUDA_ERROR_OUT_OF_MEMORY: out of memory
E0506 11:48:50.835375  568965 cuda_executor.cc:1206] [3] Failed to allocate device memory: INTERNAL: [3] Failed to allocate 8.37GiB (8982496256 bytes) of device memory: : CUDA_ERROR_OUT_OF_MEMORY: out of memory
[repro:svi-pcast-fix] MAP EXCEPTION after 1.8s: ValueError: Unsupported pcast from=varying, to='varying'
Traceback (most recent call last):
  File "/global/homes/l/linusu/GIGALens-Code/alternate_inference/repro_svi_map.py", line 105, in <module>
    map_samples, map_lps, map_chisqs = model_seq.MAP(
                                       ^^^^^^^^^^^^^^
  File "/global/homes/l/linusu//gigalens/src/gigalens/jax/inference.py", line 146, in MAP
    map_samples, map_lps, map_chisqs = run_map(params, optimizer, output_type)
                                       ^^^^^^^^^^^^^^^^^^^^^^^^^^^^^^^^^^^^^^^
  File "/global/homes/l/linusu//gigalens/src/gigalens/jax/inference.py", line 114, in run_map
    opt_state = jax.tree_util.tree_map(pvary, opt_state)
                ^^^^^^^^^^^^^^^^^^^^^^^^^^^^^^^^^^^^^^^^
  File "/global/homes/l/linusu//gigalens/src/gigalens/jax/inference.py", line 113, in <lambda>
    pvary = lambda x: _pvary(x, 'device') if isinstance(x, jax.Array) else x
                      ^^^^^^^^^^^^^^^^^^^
  File "/global/homes/l/linusu//gigalens/src/gigalens/jax/inference.py", line 40, in _pvary
    return pcast(x, axis_name, to='varying')
           ^^^^^^^^^^^^^^^^^^^^^^^^^^^^^^^^^
ValueError: Unsupported pcast from=varying, to='varying'
--------------------
For simplicity, JAX has removed its internal frames from the traceback of the following exception. Set JAX_TRACEBACK_FILTERING=off to include these.
--- python exit code: 2 ---
=== exit code: 2
