=== TAG=svi-out-specs host=nid001073 image=docker:ghcr.io/nvidia/jax:jax-2026-04-13 date=2026-05-06T12:05:39-07:00
=== EXTRA_ENV=
--- versions ---
jax 0.10.0.dev20260506 jaxlib 0.10.0.dev20260506
tfp 0.26.0-dev20260505
optax 0.2.8
--- starting python ---
[repro:svi-out-specs] start, pid=586509
[repro:svi-out-specs] cwd=/global/u1/l/linusu/GIGALens-Code/alternate_inference
[repro:svi-out-specs] importing jax...
[repro:svi-out-specs] jax devices: [CudaDevice(id=0), CudaDevice(id=1), CudaDevice(id=2), CudaDevice(id=3)]  (3.2s)
[repro:svi-out-specs] imports done (8.1s)
E0506 12:05:55.687976  586509 cuda_executor.cc:1206] [0] Failed to allocate device memory: INTERNAL: [0] Failed to allocate 29.62GiB (31804391424 bytes) of device memory: : CUDA_ERROR_OUT_OF_MEMORY: out of memory
E0506 12:05:55.688347  586509 cuda_executor.cc:1206] [0] Failed to allocate device memory: INTERNAL: [0] Failed to allocate 26.66GiB (28623951872 bytes) of device memory: : CUDA_ERROR_OUT_OF_MEMORY: out of memory
E0506 12:05:55.688694  586509 cuda_executor.cc:1206] [0] Failed to allocate device memory: INTERNAL: [0] Failed to allocate 23.99GiB (25761556480 bytes) of device memory: : CUDA_ERROR_OUT_OF_MEMORY: out of memory
E0506 12:05:55.689039  586509 cuda_executor.cc:1206] [0] Failed to allocate device memory: INTERNAL: [0] Failed to allocate 21.59GiB (23185399808 bytes) of device memory: : CUDA_ERROR_OUT_OF_MEMORY: out of memory
E0506 12:05:55.689380  586509 cuda_executor.cc:1206] [0] Failed to allocate device memory: INTERNAL: [0] Failed to allocate 19.43GiB (20866859008 bytes) of device memory: : CUDA_ERROR_OUT_OF_MEMORY: out of memory
E0506 12:05:55.689718  586509 cuda_executor.cc:1206] [0] Failed to allocate device memory: INTERNAL: [0] Failed to allocate 17.49GiB (18780172288 bytes) of device memory: : CUDA_ERROR_OUT_OF_MEMORY: out of memory
E0506 12:05:55.690056  586509 cuda_executor.cc:1206] [0] Failed to allocate device memory: INTERNAL: [0] Failed to allocate 15.74GiB (16902154240 bytes) of device memory: : CUDA_ERROR_OUT_OF_MEMORY: out of memory
E0506 12:05:55.690389  586509 cuda_executor.cc:1206] [0] Failed to allocate device memory: INTERNAL: [0] Failed to allocate 14.17GiB (15211938816 bytes) of device memory: : CUDA_ERROR_OUT_OF_MEMORY: out of memory
E0506 12:05:55.690731  586509 cuda_executor.cc:1206] [0] Failed to allocate device memory: INTERNAL: [0] Failed to allocate 12.75GiB (13690744832 bytes) of device memory: : CUDA_ERROR_OUT_OF_MEMORY: out of memory
E0506 12:05:55.691062  586509 cuda_executor.cc:1206] [0] Failed to allocate device memory: INTERNAL: [0] Failed to allocate 11.47GiB (12321670144 bytes) of device memory: : CUDA_ERROR_OUT_OF_MEMORY: out of memory
E0506 12:05:55.691393  586509 cuda_executor.cc:1206] [0] Failed to allocate device memory: INTERNAL: [0] Failed to allocate 10.33GiB (11089503232 bytes) of device memory: : CUDA_ERROR_OUT_OF_MEMORY: out of memory
E0506 12:05:55.691726  586509 cuda_executor.cc:1206] [0] Failed to allocate device memory: INTERNAL: [0] Failed to allocate 9.29GiB (9980552192 bytes) of device memory: : CUDA_ERROR_OUT_OF_MEMORY: out of memory
E0506 12:05:55.692061  586509 cuda_executor.cc:1206] [0] Failed to allocate device memory: INTERNAL: [0] Failed to allocate 8.37GiB (8982496256 bytes) of device memory: : CUDA_ERROR_OUT_OF_MEMORY: out of memory
[repro:svi-out-specs] model setup complete (10.1s)
[repro:svi-out-specs] === MAP ===
E0506 12:05:59.148902  586509 cuda_executor.cc:1206] [1] Failed to allocate device memory: INTERNAL: [1] Failed to allocate 29.62GiB (31804391424 bytes) of device memory: : CUDA_ERROR_OUT_OF_MEMORY: out of memory
E0506 12:05:59.149284  586509 cuda_executor.cc:1206] [1] Failed to allocate device memory: INTERNAL: [1] Failed to allocate 26.66GiB (28623951872 bytes) of device memory: : CUDA_ERROR_OUT_OF_MEMORY: out of memory
E0506 12:05:59.149641  586509 cuda_executor.cc:1206] [1] Failed to allocate device memory: INTERNAL: [1] Failed to allocate 23.99GiB (25761556480 bytes) of device memory: : CUDA_ERROR_OUT_OF_MEMORY: out of memory
E0506 12:05:59.149994  586509 cuda_executor.cc:1206] [1] Failed to allocate device memory: INTERNAL: [1] Failed to allocate 21.59GiB (23185399808 bytes) of device memory: : CUDA_ERROR_OUT_OF_MEMORY: out of memory
E0506 12:05:59.150339  586509 cuda_executor.cc:1206] [1] Failed to allocate device memory: INTERNAL: [1] Failed to allocate 19.43GiB (20866859008 bytes) of device memory: : CUDA_ERROR_OUT_OF_MEMORY: out of memory
E0506 12:05:59.150708  586509 cuda_executor.cc:1206] [1] Failed to allocate device memory: INTERNAL: [1] Failed to allocate 17.49GiB (18780172288 bytes) of device memory: : CUDA_ERROR_OUT_OF_MEMORY: out of memory
E0506 12:05:59.151056  586509 cuda_executor.cc:1206] [1] Failed to allocate device memory: INTERNAL: [1] Failed to allocate 15.74GiB (16902154240 bytes) of device memory: : CUDA_ERROR_OUT_OF_MEMORY: out of memory
E0506 12:05:59.151387  586509 cuda_executor.cc:1206] [1] Failed to allocate device memory: INTERNAL: [1] Failed to allocate 14.17GiB (15211938816 bytes) of device memory: : CUDA_ERROR_OUT_OF_MEMORY: out of memory
E0506 12:05:59.151721  586509 cuda_executor.cc:1206] [1] Failed to allocate device memory: INTERNAL: [1] Failed to allocate 12.75GiB (13690744832 bytes) of device memory: : CUDA_ERROR_OUT_OF_MEMORY: out of memory
E0506 12:05:59.152056  586509 cuda_executor.cc:1206] [1] Failed to allocate device memory: INTERNAL: [1] Failed to allocate 11.47GiB (12321670144 bytes) of device memory: : CUDA_ERROR_OUT_OF_MEMORY: out of memory
E0506 12:05:59.153826  586509 cuda_executor.cc:1206] [1] Failed to allocate device memory: INTERNAL: [1] Failed to allocate 10.33GiB (11089503232 bytes) of device memory: : CUDA_ERROR_OUT_OF_MEMORY: out of memory
E0506 12:05:59.154172  586509 cuda_executor.cc:1206] [1] Failed to allocate device memory: INTERNAL: [1] Failed to allocate 9.29GiB (9980552192 bytes) of device memory: : CUDA_ERROR_OUT_OF_MEMORY: out of memory
E0506 12:05:59.154509  586509 cuda_executor.cc:1206] [1] Failed to allocate device memory: INTERNAL: [1] Failed to allocate 8.37GiB (8982496256 bytes) of device memory: : CUDA_ERROR_OUT_OF_MEMORY: out of memory
E0506 12:05:59.179950  586509 cuda_executor.cc:1206] [2] Failed to allocate device memory: INTERNAL: [2] Failed to allocate 29.62GiB (31804391424 bytes) of device memory: : CUDA_ERROR_OUT_OF_MEMORY: out of memory
E0506 12:05:59.180349  586509 cuda_executor.cc:1206] [2] Failed to allocate device memory: INTERNAL: [2] Failed to allocate 26.66GiB (28623951872 bytes) of device memory: : CUDA_ERROR_OUT_OF_MEMORY: out of memory
E0506 12:05:59.180700  586509 cuda_executor.cc:1206] [2] Failed to allocate device memory: INTERNAL: [2] Failed to allocate 23.99GiB (25761556480 bytes) of device memory: : CUDA_ERROR_OUT_OF_MEMORY: out of memory
E0506 12:05:59.181063  586509 cuda_executor.cc:1206] [2] Failed to allocate device memory: INTERNAL: [2] Failed to allocate 21.59GiB (23185399808 bytes) of device memory: : CUDA_ERROR_OUT_OF_MEMORY: out of memory
E0506 12:05:59.181425  586509 cuda_executor.cc:1206] [2] Failed to allocate device memory: INTERNAL: [2] Failed to allocate 19.43GiB (20866859008 bytes) of device memory: : CUDA_ERROR_OUT_OF_MEMORY: out of memory
E0506 12:05:59.181769  586509 cuda_executor.cc:1206] [2] Failed to allocate device memory: INTERNAL: [2] Failed to allocate 17.49GiB (18780172288 bytes) of device memory: : CUDA_ERROR_OUT_OF_MEMORY: out of memory
E0506 12:05:59.182122  586509 cuda_executor.cc:1206] [2] Failed to allocate device memory: INTERNAL: [2] Failed to allocate 15.74GiB (16902154240 bytes) of device memory: : CUDA_ERROR_OUT_OF_MEMORY: out of memory
E0506 12:05:59.182485  586509 cuda_executor.cc:1206] [2] Failed to allocate device memory: INTERNAL: [2] Failed to allocate 14.17GiB (15211938816 bytes) of device memory: : CUDA_ERROR_OUT_OF_MEMORY: out of memory
E0506 12:05:59.182831  586509 cuda_executor.cc:1206] [2] Failed to allocate device memory: INTERNAL: [2] Failed to allocate 12.75GiB (13690744832 bytes) of device memory: : CUDA_ERROR_OUT_OF_MEMORY: out of memory
E0506 12:05:59.183163  586509 cuda_executor.cc:1206] [2] Failed to allocate device memory: INTERNAL: [2] Failed to allocate 11.47GiB (12321670144 bytes) of device memory: : CUDA_ERROR_OUT_OF_MEMORY: out of memory
E0506 12:05:59.183504  586509 cuda_executor.cc:1206] [2] Failed to allocate device memory: INTERNAL: [2] Failed to allocate 10.33GiB (11089503232 bytes) of device memory: : CUDA_ERROR_OUT_OF_MEMORY: out of memory
E0506 12:05:59.183850  586509 cuda_executor.cc:1206] [2] Failed to allocate device memory: INTERNAL: [2] Failed to allocate 9.29GiB (9980552192 bytes) of device memory: : CUDA_ERROR_OUT_OF_MEMORY: out of memory
E0506 12:05:59.184205  586509 cuda_executor.cc:1206] [2] Failed to allocate device memory: INTERNAL: [2] Failed to allocate 8.37GiB (8982496256 bytes) of device memory: : CUDA_ERROR_OUT_OF_MEMORY: out of memory
E0506 12:05:59.209996  586509 cuda_executor.cc:1206] [3] Failed to allocate device memory: INTERNAL: [3] Failed to allocate 29.62GiB (31804391424 bytes) of device memory: : CUDA_ERROR_OUT_OF_MEMORY: out of memory
E0506 12:05:59.210395  586509 cuda_executor.cc:1206] [3] Failed to allocate device memory: INTERNAL: [3] Failed to allocate 26.66GiB (28623951872 bytes) of device memory: : CUDA_ERROR_OUT_OF_MEMORY: out of memory
E0506 12:05:59.210777  586509 cuda_executor.cc:1206] [3] Failed to allocate device memory: INTERNAL: [3] Failed to allocate 23.99GiB (25761556480 bytes) of device memory: : CUDA_ERROR_OUT_OF_MEMORY: out of memory
E0506 12:05:59.211138  586509 cuda_executor.cc:1206] [3] Failed to allocate device memory: INTERNAL: [3] Failed to allocate 21.59GiB (23185399808 bytes) of device memory: : CUDA_ERROR_OUT_OF_MEMORY: out of memory
E0506 12:05:59.211489  586509 cuda_executor.cc:1206] [3] Failed to allocate device memory: INTERNAL: [3] Failed to allocate 19.43GiB (20866859008 bytes) of device memory: : CUDA_ERROR_OUT_OF_MEMORY: out of memory
E0506 12:05:59.211845  586509 cuda_executor.cc:1206] [3] Failed to allocate device memory: INTERNAL: [3] Failed to allocate 17.49GiB (18780172288 bytes) of device memory: : CUDA_ERROR_OUT_OF_MEMORY: out of memory
E0506 12:05:59.212203  586509 cuda_executor.cc:1206] [3] Failed to allocate device memory: INTERNAL: [3] Failed to allocate 15.74GiB (16902154240 bytes) of device memory: : CUDA_ERROR_OUT_OF_MEMORY: out of memory
E0506 12:05:59.212555  586509 cuda_executor.cc:1206] [3] Failed to allocate device memory: INTERNAL: [3] Failed to allocate 14.17GiB (15211938816 bytes) of device memory: : CUDA_ERROR_OUT_OF_MEMORY: out of memory
E0506 12:05:59.212905  586509 cuda_executor.cc:1206] [3] Failed to allocate device memory: INTERNAL: [3] Failed to allocate 12.75GiB (13690744832 bytes) of device memory: : CUDA_ERROR_OUT_OF_MEMORY: out of memory
E0506 12:05:59.213254  586509 cuda_executor.cc:1206] [3] Failed to allocate device memory: INTERNAL: [3] Failed to allocate 11.47GiB (12321670144 bytes) of device memory: : CUDA_ERROR_OUT_OF_MEMORY: out of memory
E0506 12:05:59.213590  586509 cuda_executor.cc:1206] [3] Failed to allocate device memory: INTERNAL: [3] Failed to allocate 10.33GiB (11089503232 bytes) of device memory: : CUDA_ERROR_OUT_OF_MEMORY: out of memory
E0506 12:05:59.213933  586509 cuda_executor.cc:1206] [3] Failed to allocate device memory: INTERNAL: [3] Failed to allocate 9.29GiB (9980552192 bytes) of device memory: : CUDA_ERROR_OUT_OF_MEMORY: out of memory
E0506 12:05:59.214285  586509 cuda_executor.cc:1206] [3] Failed to allocate device memory: INTERNAL: [3] Failed to allocate 8.37GiB (8982496256 bytes) of device memory: : CUDA_ERROR_OUT_OF_MEMORY: out of memory
Final Chi-squared: 12.65583
[repro:svi-out-specs] MAP done in 17.4s; shapes=(64, 10, 38),(64, 10),(64, 10)
[repro:svi-out-specs] MAP best-row shape=(10, 38) sample[0]=0.02519
[repro:svi-out-specs] === SVI ===
[repro:svi-out-specs] SVI done in 18.7s; loss_hist shape=(10,), mean shape=(38,)
[repro:svi-out-specs] SVI loss_hist[0]=3.159e+04, [-1]=3.047e+04
[repro:svi-out-specs] SVI cov shape=(38, 38), cov[0,0]=1.001e-06
[repro:svi-out-specs] ALL OK in 47.3s
--- python exit code: 0 ---
=== exit code: 0
