=== TAG=shard1perdev host=nid003029 date=2026-05-05T15:55:32-07:00
=== EXTRA_ENV=
--- env relevant ---
CUDA_BASE_IMAGE=nvcr.io/nvidia/cuda-dl-base:25.03-cuda12.8-devel-ubuntu24.04
CUDA_CACHE_DISABLE=1
CUDA_DRIVER_VERSION=570.124.06
CUDA_HOME=/opt/nvidia/hpc_sdk/Linux_x86_64/25.5/cuda/12.9
CUDA_VERSION=12.8.1.012
REPRO_NHMC=4
REPRO_SHARD_MAP=1
REPRO_TAG=shard1perdev
XLA_FLAGS= --xla_gpu_enable_latency_hiding_scheduler=true
--- nvidia-smi (before) ---
0, 40442 MiB, 0 MiB
1, 40442 MiB, 0 MiB
2, 40442 MiB, 0 MiB
3, 40442 MiB, 0 MiB
--- starting python ---
[repro:shard1perdev] start, pid=1683537
[repro:shard1perdev] cwd=/global/u1/l/linusu/GIGALens-Code/alternate_inference
[repro:shard1perdev] importing jax...
[repro:shard1perdev] jax devices: [CudaDevice(id=0), CudaDevice(id=1), CudaDevice(id=2), CudaDevice(id=3)]  (3.1s)
[repro:shard1perdev] imports done (16.6s)
[repro:shard1perdev] model setup complete (18.9s); dim=38
[repro:shard1perdev] calling MCLMC_JIT n_hmc=4 nb=10 nr=5 use_shard_map=True
2026-05-05 15:56:08.599626: W external/xla/xla/service/gpu/autotuning/dot_search_space.cc:200] All configs were filtered out because none of them sufficiently match the hints. Maybe the hints set does not contain a good representative set of valid configs?Working around this by using the full hints set instead.
F0505 15:56:15.389349 1683537 hlo_sharding.cc:1091] Check failed: !IsManual() 
*** Check failure stack trace: ***
    @     0x7f6632dcd9f4  absl::lts_20230802::log_internal::LogMessage::SendToLog()
    @     0x7f6632dcd864  absl::lts_20230802::log_internal::LogMessage::Flush()
    @     0x7f6632dcde19  absl::lts_20230802::log_internal::LogMessageFatal::~LogMessageFatal()
    @     0x7f6632b35722  xla::HloSharding::NumTiles()
    @     0x7f662ad5bdb4  xla::spmd::PartitionedHlo::Reshard()
    @     0x7f662ac46324  xla::CustomCallBatchPartitioner::Partition()
    @     0x7f662acf5a3c  xla::spmd::SpmdPartitioningVisitor::HandleCustomCall()
    @     0x7f6632970626  xla::HloInstruction::Visit<>()
    @     0x7f6632972177  xla::PostOrderDFS<>()
    @     0x7f663296f4e8  xla::HloInstruction::Accept<>()
    @     0x7f662a650c2d  xla::HloComputation::Accept<>()
    @     0x7f662ad8f86e  xla::spmd::SpmdPartitioningVisitor::DoPartition()
    @     0x7f662ad782e5  xla::spmd::SpmdPartitioner::PartitionComputation()
    @     0x7f662ad89e1f  xla::spmd::SpmdPartitioningVisitor::HandleWhile()
    @     0x7f66329708af  xla::HloInstruction::Visit<>()
    @     0x7f6632972177  xla::PostOrderDFS<>()
    @     0x7f663296f4e8  xla::HloInstruction::Accept<>()
    @     0x7f662a650c2d  xla::HloComputation::Accept<>()
    @     0x7f662ad8f86e  xla::spmd::SpmdPartitioningVisitor::DoPartition()
    @     0x7f662ad782e5  xla::spmd::SpmdPartitioner::PartitionComputation()
    @     0x7f662ad9369e  xla::spmd::SpmdPartitioner::Run()
    @     0x7f662e2594ef  xla::HloPassPipeline::RunHelper()
    @     0x7f662e256103  xla::HloPassPipeline::RunPassesInternal<>()
    @     0x7f662e25592a  xla::HloPassPipeline::Run()
    @     0x7f662ac9e514  xla::gpu::GpuCompiler::OptimizeHloModule()
    @     0x7f662acac61b  xla::gpu::GpuCompiler::RunHloPasses()
    @     0x7f662dea0583  xla::LLVMCompiler::Compile()
    @     0x7f662ac79406  xla::Service::BuildExecutables()
    @     0x7f662ac42c8f  xla::LocalService::CompileExecutables()
    @     0x7f662ac3f934  xla::LocalClient::Compile()
    @     0x7f662ab9df44  xla::PjRtStreamExecutorClient::CompileInternal()
    @     0x7f662ab9f1f8  xla::PjRtStreamExecutorClient::Compile()
    @     0x7f662ab9fc35  xla::PjRtStreamExecutorClient::CompileAndLoad()
    @     0x7f662ab5c14d  xla::StreamExecutorGpuClient::CompileAndLoad()
    @     0x7f662aafc346  pjrt::PJRT_Client_Compile()
    @     0x7f66a8262b3d  xla::InitializeArgsAndCompile()
    @     0x7f66a82632c5  xla::PjRtCApiClient::CompileAndLoad()
    @     0x7f66b0211e88  xla::ifrt::PjRtLoadedExecutable::Create()
    @     0x7f66b020ccf7  xla::ifrt::PjRtCompiler::CompileAndLoad()
    @     0x7f66ae883732  xla::PyClient::CompileAndLoadIfrtProgram()
    @     0x7f66ae8853b1  xla::PyClient::CompileAndLoad()
    @     0x7f66ae88f053  nanobind::detail::func_create<>()::{lambda()#1}::__invoke()
    @     0x7f66b01c3071  nanobind::detail::nb_func_vectorcall_complex()
    @     0x7f66b21b318c  nanobind::detail::nb_bound_method_vectorcall()
    @           0x549b85  PyObject_Vectorcall
    @           0x5d73c9  _PyEval_EvalFrameDefault
    @           0x549b85  PyObject_Vectorcall
    @     0x7f66b01ba18d  nanobind::detail::obj_vectorcall()
    @     0x7f66b19176b3  nanobind::detail::api<>::operator()<>()
    @     0x7f66b1916639  jax::WeakrefLRUCache::Call()
    @     0x7f66b19192d3  nanobind::detail::func_create<>()::{lambda()#1}::__invoke()
    @     0x7f66b01c3071  nanobind::detail::nb_func_vectorcall_complex()
    @           0x54aa21  _PyObject_Call_Prepend
    @           0x5a3628  (unknown)
    @           0x549185  _PyObject_MakeTpCall
    @           0x5d73c9  _PyEval_EvalFrameDefault
    @           0x549b85  PyObject_Vectorcall
    @     0x7f66a81e38f7  jax::(anonymous namespace)::PjitFunction::Call()
    @     0x7f66a81e1bb7  PjitFunction_tp_vectorcall
    @           0x549b85  PyObject_Vectorcall
    @           0x5d73c9  _PyEval_EvalFrameDefault
    @           0x5d58eb  PyEval_EvalCode
    @           0x608b42  (unknown)
    @           0x6b4e93  (unknown)
Fatal Python error: Aborted

Current thread 0x00007f6754ee5300 (most recent call first):
  File "/opt/jax/jax/_src/compiler.py", line 385 in backend_compile_and_load
  File "/opt/jax/jax/_src/profiler.py", line 354 in wrapper
  File "/opt/jax/jax/_src/compiler.py", line 768 in _compile_and_write_cache
  File "/opt/jax/jax/_src/compiler.py", line 500 in compile_or_get_cached
  File "/opt/jax/jax/_src/interpreters/pxla.py", line 2743 in _cached_compilation
  File "/opt/jax/jax/_src/interpreters/pxla.py", line 2952 in from_hlo
  File "/opt/jax/jax/_src/interpreters/pxla.py", line 2410 in compile
  File "/opt/jax/jax/_src/pjit.py", line 1855 in _pjit_call_impl_python
  File "/opt/jax/jax/_src/pjit.py", line 153 in _python_pjit_helper
  File "/opt/jax/jax/_src/pjit.py", line 292 in cache_miss
  File "/opt/jax/jax/_src/traceback_util.py", line 182 in reraise_with_filtered_traceback
  File "/global/homes/l/linusu//GIGALens-Code/alternate_inference/mclmc_alt.py", line 1279 in full_mclmc_with_adapt_sharded
  File "/global/homes/l/linusu//GIGALens-Code/alternate_inference/mclmc_alt.py", line 280 in MCLMC_JIT
  File "/global/homes/l/linusu/GIGALens-Code/alternate_inference/repro_mclmc_238.py", line 219 in <module>

Extension modules: jaxlib.cpu_feature_guard, numpy._core._multiarray_umath, numpy.linalg._umath_linalg, numpy.random._common, numpy.random.bit_generator, numpy.random._bounded_integers, numpy.random._mt19937, numpy.random.mtrand, numpy.random._philox, numpy.random._pcg64, numpy.random._sfc64, numpy.random._generator, scipy._lib._ccallback_c, scipy.linalg._fblas, scipy.linalg._flapack, scipy.linalg.cython_lapack, scipy.linalg._cythonized_array_utils, charset_normalizer.md, scipy.linalg._solve_toeplitz, scipy.linalg._decomp_lu_cython, scipy.linalg._matfuncs_sqrtm_triu, scipy.linalg._matfuncs_expm, scipy.linalg._linalg_pythran, scipy.linalg.cython_blas, scipy.linalg._decomp_update, scipy.sparse._sparsetools, _csparsetools, scipy.sparse._csparsetools, scipy.sparse.linalg._dsolve._superlu, scipy.sparse.linalg._eigen.arpack._arpack, scipy.sparse.linalg._propack._spropack, scipy.sparse.linalg._propack._dpropack, scipy.sparse.linalg._propack._cpropack, scipy.sparse.linalg._propack._zpropack, scipy.sparse.csgraph._tools, scipy.sparse.csgraph._shortest_path, scipy.sparse.csgraph._traversal, scipy.sparse.csgraph._min_spanning_tree, scipy.sparse.csgraph._flow, scipy.sparse.csgraph._matching, scipy.sparse.csgraph._reordering, scipy.special._ufuncs_cxx, scipy.special._ufuncs, scipy.special._specfun, scipy.special._comb, scipy.special._ellip_harm_2, yaml._yaml, numba.core.typeconv._typeconv, numba._helperlib, numba._dynfunc, numba._dispatcher, numba.core.typing.builtins.itertools, numba.cpython.builtins.math, numba.core.runtime._nrt_python, numba.np.ufunc._internal, numba.experimental.jitclass._box, scipy.ndimage._nd_image, scipy.ndimage._rank_filter_1d, _ni_label, scipy.ndimage._ni_label, scipy.optimize._group_columns, scipy._lib.messagestream, scipy.optimize._trlib._trlib, scipy.optimize._lbfgsb, _moduleTNC, scipy.optimize._moduleTNC, scipy.optimize._cobyla, scipy.optimize._slsqp, scipy.optimize._minpack, scipy.optimize._lsq.givens_elimination, scipy.optimize._zeros, scipy.optimize._cython_nnls, scipy._lib._uarray._uarray, scipy.linalg._decomp_interpolative, scipy.optimize._bglu_dense, scipy.optimize._lsap, scipy.spatial._ckdtree, scipy.spatial._qhull, scipy.spatial._voronoi, scipy.spatial._distance_wrap, scipy.spatial._hausdorff, scipy.spatial.transform._rotation, scipy.optimize._direct, PIL._imaging, google._upb._message, scipy.integrate._odepack, scipy.integrate._quadpack, scipy.integrate._vode, scipy.integrate._dop, scipy.integrate._lsoda, scipy.interpolate._fitpack, scipy.interpolate._dfitpack, scipy.interpolate._dierckx, scipy.interpolate._ppoly, scipy.interpolate._interpnd, scipy.interpolate._rbfinterp_pythran, scipy.interpolate._rgi_cython, scipy.interpolate._bspl, scipy.special.cython_special, scipy.stats._stats, scipy.stats._sobol, scipy.stats._qmc_cy, scipy.stats._biasedurn, scipy.stats._stats_pythran, scipy.stats._levy_stable.levyst, scipy.stats._ansari_swilk_statistics, scipy.stats._mvn, scipy.stats._rcont.rcont, scipy.fftpack.convolve (total: 109)
bash: line 11: 1683537 Aborted                 python -u /global/homes/l/linusu/GIGALens-Code/alternate_inference/repro_mclmc_238.py
--- python exit code: 134 ---
--- nvidia-smi (after) ---
0, 40442 MiB, 0 MiB
1, 40442 MiB, 0 MiB
2, 40442 MiB, 0 MiB
3, 40442 MiB, 0 MiB
=== exit code: 134
=== signal name (if killed): ABRT
