f32 done
f64 done
operating eps~0.151 L~42.7; controller |dE| target ~0.126
       eps    |dE|_f32    |dE|_f64
  5.00e-01   5.983e+01   5.983e+01
  2.43e-01   2.286e+00   2.286e+00
  1.18e-01   1.846e-02   1.827e-02
  5.74e-02   7.555e-04   7.272e-04
  2.79e-02   1.777e-04   6.188e-05
  1.36e-02   2.109e-04   7.712e-06
  6.60e-03   2.388e-04   8.177e-07
  3.21e-03   1.938e-04   9.601e-08
  1.56e-03   2.953e-04   1.039e-08
  7.58e-04   2.726e-04   1.921e-09
  3.68e-04   3.580e-04   8.149e-10
  1.79e-04   1.778e-04   7.276e-10
  8.71e-05   1.412e-04   4.657e-10
  4.23e-05   9.388e-05   8.149e-10
  2.06e-05   1.779e-04   7.276e-10
  1.00e-05   1.349e-04   7.276e-10

slope in [1e-3,1e-1]: f32=0.17 f64=3.07  (smooth->~3)
|dE| floor at eps=1e-5: f32=1.35e-04 f64=7.28e-10
saved A2_energy_scaling.png
