E2 n_max=25  start: 2026-06-12T16:07:14
[E2] n_max=25: loading model...
[E2] model loaded in 8.3s

[E2] ---- anchor set: bootstrap (n_anchors=1) ----
[E2]   anchor 1/1
[E2]   A shape: (40000, 352)  nan_pre_clamp=False
[E2]   cond(A)=1.556e+02  cond(A)^2=2.420e+04  cond(gram_f64)=2.420e+04  cond(gram_f32)=2.420e+04  gram_f32_neg_ev=0
[E2]   sv_max=6.905e+04  sv_min=4.439e+02
[E2]   amp_norm=1.414e-01  amp_max_abs=3.620e-02
[E2]   ratio cond_gram_f64/cond(A)^2 = 1.000e+00
[E2]   ratio cond_gram_f32/cond_gram_f64 = 1.000e+00
[E2]   done in 12.6s

[E2] ---- anchor set: run_a_late (n_anchors=8) ----
[E2]   anchor 1/8
[E2]   A shape: (40000, 352)  nan_pre_clamp=False
[E2]   cond(A)=2.454e+03  cond(A)^2=6.020e+06  cond(gram_f64)=6.020e+06  cond(gram_f32)=5.962e+06  gram_f32_neg_ev=0
[E2]   sv_max=3.516e+04  sv_min=1.433e+01
[E2]   amp_norm=1.920e-01  amp_max_abs=5.007e-02
[E2]   ratio cond_gram_f64/cond(A)^2 = 1.000e+00
[E2]   ratio cond_gram_f32/cond_gram_f64 = 9.904e-01
[E2]   done in 5.1s
[E2]   anchor 2/8
[E2]   A shape: (40000, 352)  nan_pre_clamp=False
[E2]   cond(A)=2.822e+03  cond(A)^2=7.965e+06  cond(gram_f64)=7.965e+06  cond(gram_f32)=7.987e+06  gram_f32_neg_ev=0
[E2]   sv_max=3.575e+04  sv_min=1.267e+01
[E2]   amp_norm=2.089e-01  amp_max_abs=4.969e-02
[E2]   ratio cond_gram_f64/cond(A)^2 = 1.000e+00
[E2]   ratio cond_gram_f32/cond_gram_f64 = 1.003e+00
[E2]   done in 4.6s
[E2]   anchor 3/8
[E2]   A shape: (40000, 352)  nan_pre_clamp=False
[E2]   cond(A)=2.912e+03  cond(A)^2=8.477e+06  cond(gram_f64)=8.477e+06  cond(gram_f32)=8.598e+06  gram_f32_neg_ev=0
[E2]   sv_max=3.508e+04  sv_min=1.205e+01
[E2]   amp_norm=2.225e-01  amp_max_abs=5.491e-02
[E2]   ratio cond_gram_f64/cond(A)^2 = 1.000e+00
[E2]   ratio cond_gram_f32/cond_gram_f64 = 1.014e+00
[E2]   done in 5.1s
[E2]   anchor 4/8
[E2]   A shape: (40000, 352)  nan_pre_clamp=False
[E2]   cond(A)=2.830e+03  cond(A)^2=8.011e+06  cond(gram_f64)=8.011e+06  cond(gram_f32)=7.924e+06  gram_f32_neg_ev=0
[E2]   sv_max=3.507e+04  sv_min=1.239e+01
[E2]   amp_norm=2.054e-01  amp_max_abs=5.015e-02
[E2]   ratio cond_gram_f64/cond(A)^2 = 1.000e+00
[E2]   ratio cond_gram_f32/cond_gram_f64 = 9.891e-01
[E2]   done in 4.2s
[E2]   anchor 5/8
[E2]   A shape: (40000, 352)  nan_pre_clamp=False
[E2]   cond(A)=2.875e+03  cond(A)^2=8.266e+06  cond(gram_f64)=8.266e+06  cond(gram_f32)=8.159e+06  gram_f32_neg_ev=0
[E2]   sv_max=3.494e+04  sv_min=1.215e+01
[E2]   amp_norm=2.096e-01  amp_max_abs=4.979e-02
[E2]   ratio cond_gram_f64/cond(A)^2 = 1.000e+00
[E2]   ratio cond_gram_f32/cond_gram_f64 = 9.870e-01
[E2]   done in 4.1s
[E2]   anchor 6/8
[E2]   A shape: (40000, 352)  nan_pre_clamp=False
[E2]   cond(A)=2.803e+03  cond(A)^2=7.857e+06  cond(gram_f64)=7.857e+06  cond(gram_f32)=7.972e+06  gram_f32_neg_ev=0
[E2]   sv_max=3.477e+04  sv_min=1.240e+01
[E2]   amp_norm=2.199e-01  amp_max_abs=5.370e-02
[E2]   ratio cond_gram_f64/cond(A)^2 = 1.000e+00
[E2]   ratio cond_gram_f32/cond_gram_f64 = 1.015e+00
[E2]   done in 4.0s
[E2]   anchor 7/8
[E2]   A shape: (40000, 352)  nan_pre_clamp=False
[E2]   cond(A)=4.888e+03  cond(A)^2=2.389e+07  cond(gram_f64)=2.389e+07  cond(gram_f32)=2.401e+07  gram_f32_neg_ev=0
[E2]   sv_max=3.494e+04  sv_min=7.149e+00
[E2]   amp_norm=3.633e-01  amp_max_abs=1.281e-01
[E2]   ratio cond_gram_f64/cond(A)^2 = 1.000e+00
[E2]   ratio cond_gram_f32/cond_gram_f64 = 1.005e+00
[E2]   done in 4.1s
[E2]   anchor 8/8
[E2]   A shape: (40000, 352)  nan_pre_clamp=False
[E2]   cond(A)=3.079e+03  cond(A)^2=9.481e+06  cond(gram_f64)=9.481e+06  cond(gram_f32)=9.498e+06  gram_f32_neg_ev=0
[E2]   sv_max=3.490e+04  sv_min=1.133e+01
[E2]   amp_norm=2.279e-01  amp_max_abs=5.647e-02
[E2]   ratio cond_gram_f64/cond(A)^2 = 1.000e+00
[E2]   ratio cond_gram_f32/cond_gram_f64 = 1.002e+00
[E2]   done in 4.3s

[E2] ---- anchor set: run_b_late (n_anchors=8) ----
[E2]   anchor 1/8
[E2]   A shape: (40000, 352)  nan_pre_clamp=False
[E2]   cond(A)=1.151e+04  cond(A)^2=1.325e+08  cond(gram_f64)=1.325e+08  cond(gram_f32)=1.382e+08  gram_f32_neg_ev=0
[E2]   sv_max=4.503e+04  sv_min=3.912e+00
[E2]   amp_norm=9.435e-01  amp_max_abs=2.419e-01
[E2]   ratio cond_gram_f64/cond(A)^2 = 1.000e+00
[E2]   ratio cond_gram_f32/cond_gram_f64 = 1.043e+00
[E2]   done in 4.5s
[E2]   anchor 2/8
[E2]   A shape: (40000, 352)  nan_pre_clamp=False
[E2]   cond(A)=1.121e+04  cond(A)^2=1.256e+08  cond(gram_f64)=1.256e+08  cond(gram_f32)=1.280e+08  gram_f32_neg_ev=0
[E2]   sv_max=4.477e+04  sv_min=3.995e+00
[E2]   amp_norm=9.093e-01  amp_max_abs=2.313e-01
[E2]   ratio cond_gram_f64/cond(A)^2 = 1.000e+00
[E2]   ratio cond_gram_f32/cond_gram_f64 = 1.020e+00
[E2]   done in 4.7s
[E2]   anchor 3/8
[E2]   A shape: (40000, 352)  nan_pre_clamp=False
[E2]   cond(A)=1.107e+04  cond(A)^2=1.225e+08  cond(gram_f64)=1.225e+08  cond(gram_f32)=1.298e+08  gram_f32_neg_ev=0
[E2]   sv_max=4.476e+04  sv_min=4.044e+00
[E2]   amp_norm=8.739e-01  amp_max_abs=2.207e-01
[E2]   ratio cond_gram_f64/cond(A)^2 = 1.000e+00
[E2]   ratio cond_gram_f32/cond_gram_f64 = 1.060e+00
[E2]   done in 4.3s
[E2]   anchor 4/8
[E2]   A shape: (40000, 352)  nan_pre_clamp=False
[E2]   cond(A)=1.084e+04  cond(A)^2=1.175e+08  cond(gram_f64)=1.175e+08  cond(gram_f32)=1.262e+08  gram_f32_neg_ev=0
[E2]   sv_max=4.476e+04  sv_min=4.128e+00
[E2]   amp_norm=9.389e-01  amp_max_abs=2.412e-01
[E2]   ratio cond_gram_f64/cond(A)^2 = 1.000e+00
[E2]   ratio cond_gram_f32/cond_gram_f64 = 1.074e+00
[E2]   done in 4.6s
[E2]   anchor 5/8
[E2]   A shape: (40000, 352)  nan_pre_clamp=False
[E2]   cond(A)=1.036e+04  cond(A)^2=1.074e+08  cond(gram_f64)=1.074e+08  cond(gram_f32)=1.120e+08  gram_f32_neg_ev=0
[E2]   sv_max=4.521e+04  sv_min=4.363e+00
[E2]   amp_norm=8.760e-01  amp_max_abs=2.243e-01
[E2]   ratio cond_gram_f64/cond(A)^2 = 1.000e+00
[E2]   ratio cond_gram_f32/cond_gram_f64 = 1.043e+00
[E2]   done in 4.7s
[E2]   anchor 6/8
[E2]   A shape: (40000, 352)  nan_pre_clamp=False
[E2]   cond(A)=1.091e+04  cond(A)^2=1.189e+08  cond(gram_f64)=1.189e+08  cond(gram_f32)=1.237e+08  gram_f32_neg_ev=0
[E2]   sv_max=4.496e+04  sv_min=4.123e+00
[E2]   amp_norm=9.115e-01  amp_max_abs=2.317e-01
[E2]   ratio cond_gram_f64/cond(A)^2 = 1.000e+00
[E2]   ratio cond_gram_f32/cond_gram_f64 = 1.040e+00
[E2]   done in 4.3s
[E2]   anchor 7/8
[E2]   A shape: (40000, 352)  nan_pre_clamp=False
[E2]   cond(A)=1.049e+04  cond(A)^2=1.100e+08  cond(gram_f64)=1.100e+08  cond(gram_f32)=1.128e+08  gram_f32_neg_ev=0
[E2]   sv_max=4.445e+04  sv_min=4.238e+00
[E2]   amp_norm=8.570e-01  amp_max_abs=2.191e-01
[E2]   ratio cond_gram_f64/cond(A)^2 = 1.000e+00
[E2]   ratio cond_gram_f32/cond_gram_f64 = 1.026e+00
[E2]   done in 4.6s
[E2]   anchor 8/8
[E2]   A shape: (40000, 352)  nan_pre_clamp=False
[E2]   cond(A)=1.081e+04  cond(A)^2=1.168e+08  cond(gram_f64)=1.168e+08  cond(gram_f32)=1.170e+08  gram_f32_neg_ev=0
[E2]   sv_max=4.392e+04  sv_min=4.064e+00
[E2]   amp_norm=9.606e-01  amp_max_abs=2.448e-01
[E2]   ratio cond_gram_f64/cond(A)^2 = 1.000e+00
[E2]   ratio cond_gram_f32/cond_gram_f64 = 1.002e+00
[E2]   done in 4.5s

[E2] ---- anchor set: prior_draws (n_anchors=4) ----
[E2]   anchor 1/4
[E2]   A shape: (40000, 352)  nan_pre_clamp=False
[E2]   cond(A)=4.933e+16  cond(A)^2=2.434e+33  cond(gram_f64)=3.295e+20  cond(gram_f32)=1.584e+12  gram_f32_neg_ev=88
[E2]   sv_max=4.227e+05  sv_min=8.568e-12
[E2]   amp_norm=1.169e+07  amp_max_abs=2.197e+06
[E2]   ratio cond_gram_f64/cond(A)^2 = 1.354e-13
[E2]   ratio cond_gram_f32/cond_gram_f64 = 4.808e-09
[E2]   done in 4.4s
[E2]   anchor 2/4
[E2]   A shape: (40000, 352)  nan_pre_clamp=False
[E2]   cond(A)=6.662e+16  cond(A)^2=4.438e+33  cond(gram_f64)=1.453e+21  cond(gram_f32)=3.600e+11  gram_f32_neg_ev=146
[E2]   sv_max=2.735e+05  sv_min=4.106e-12
[E2]   amp_norm=1.070e+07  amp_max_abs=1.731e+06
[E2]   ratio cond_gram_f64/cond(A)^2 = 3.275e-13
[E2]   ratio cond_gram_f32/cond_gram_f64 = 2.477e-10
[E2]   done in 4.0s
[E2]   anchor 3/4
[E2]   A shape: (40000, 352)  nan_pre_clamp=False
[E2]   cond(A)=6.764e+16  cond(A)^2=4.576e+33  cond(gram_f64)=6.440e+19  cond(gram_f32)=1.758e+12  gram_f32_neg_ev=128
[E2]   sv_max=2.480e+05  sv_min=3.667e-12
[E2]   amp_norm=9.080e+06  amp_max_abs=1.906e+06
[E2]   ratio cond_gram_f64/cond(A)^2 = 1.407e-14
[E2]   ratio cond_gram_f32/cond_gram_f64 = 2.730e-08
[E2]   done in 3.7s
[E2]   anchor 4/4
[E2]   A shape: (40000, 352)  nan_pre_clamp=False
[E2]   cond(A)=2.776e+16  cond(A)^2=7.707e+32  cond(gram_f64)=7.990e+17  cond(gram_f32)=5.305e+09  gram_f32_neg_ev=105
[E2]   sv_max=1.974e+04  sv_min=7.110e-13
[E2]   amp_norm=7.940e+07  amp_max_abs=1.464e+07
[E2]   ratio cond_gram_f64/cond(A)^2 = 1.037e-15
[E2]   ratio cond_gram_f32/cond_gram_f64 = 6.640e-09
[E2]   done in 3.7s

[E2] spectra saved to diagnosis_2026-06/e2/nmax25/spectra.npz
[E2] summary saved to diagnosis_2026-06/e2/nmax25/summary.json
