PT: R=12 NSYS=16 K=10 ROUNDS=90; ALL-SECONDARY init occ(global)=0.000 (truth ~1.0 since secondary ~1e-5)
betas=[0.005, 0.008, 0.013, 0.021, 0.034, 0.056, 0.09, 0.146, 0.236, 0.382, 0.618, 1.0]
  round   0  occ(global) hot/mid/cold=0.000/0.000/0.000  EEVPD[h/m/c]=1.2e-02/1.3e-01/2.3e+01
  round   5  occ(global) hot/mid/cold=0.062/0.000/0.000  EEVPD[h/m/c]=6.1e-03/1.6e-03/1.5e-04
  round  10  occ(global) hot/mid/cold=0.125/0.000/0.000  EEVPD[h/m/c]=4.1e-04/6.9e-04/2.1e-04
  round  15  occ(global) hot/mid/cold=0.188/0.000/0.000  EEVPD[h/m/c]=2.7e-03/9.6e-04/2.4e-03
  round  20  occ(global) hot/mid/cold=0.188/0.000/0.000  EEVPD[h/m/c]=7.7e-05/2.6e-03/1.9e-04
  round  25  occ(global) hot/mid/cold=0.062/0.000/0.000  EEVPD[h/m/c]=7.5e-04/1.0e-04/3.1e-03
  round  30  occ(global) hot/mid/cold=0.125/0.000/0.000  EEVPD[h/m/c]=4.6e-04/2.5e-04/6.6e-04
  round  35  occ(global) hot/mid/cold=0.125/0.000/0.000  EEVPD[h/m/c]=5.1e-04/2.3e-04/6.0e-04
  round  40  occ(global) hot/mid/cold=0.062/0.000/0.000  EEVPD[h/m/c]=5.5e-04/2.4e-04/5.4e-04
  round  45  occ(global) hot/mid/cold=0.125/0.000/0.000  EEVPD[h/m/c]=1.7e-04/2.5e-04/4.3e-04
  round  50  occ(global) hot/mid/cold=0.125/0.000/0.000  EEVPD[h/m/c]=1.6e-04/5.0e-04/5.6e-04
  round  55  occ(global) hot/mid/cold=0.188/0.000/0.000  EEVPD[h/m/c]=4.0e-04/1.8e-04/9.9e-04
  round  60  occ(global) hot/mid/cold=0.125/0.000/0.000  EEVPD[h/m/c]=5.2e-04/7.9e-04/3.4e-04
  round  65  occ(global) hot/mid/cold=0.125/0.000/0.000  EEVPD[h/m/c]=1.6e-03/5.3e-04/1.9e-03
  round  70  occ(global) hot/mid/cold=0.062/0.062/0.000  EEVPD[h/m/c]=3.8e-04/2.5e-03/2.9e-04
  round  75  occ(global) hot/mid/cold=0.312/0.062/0.000  EEVPD[h/m/c]=8.3e-04/2.8e-04/4.2e-04
  round  80  occ(global) hot/mid/cold=0.250/0.062/0.000  EEVPD[h/m/c]=1.9e-04/3.3e-05/3.6e-04
  round  85  occ(global) hot/mid/cold=0.125/0.000/0.000  EEVPD[h/m/c]=1.0e-04/2.6e-04/5.4e-04
  round  89  occ(global) hot/mid/cold=0.250/0.000/0.000  EEVPD[h/m/c]=8.7e-05/1.2e-04/9.5e-02

========== PT RESULT (PROPOSED/UNCERTIFIED) ==========
  cold occ(global) time-avg (post-burn) = 0.000  (truth ~1.0; tempered-burnin froze ~0.6)
  swap acceptance per adjacent pair = [0.699 0.715 0.621 0.583 0.601 0.594 0.451 0.492 0.51  0.379 0.421]
  per-level EEVPD (last) = [8.7e-05 8.7e-04 1.8e-04 6.1e-05 2.1e-04 3.8e-04 1.2e-04 2.9e-04 2.0e-04
 2.5e-02 1.0e-03 9.5e-02]  (target 5e-4)
  wall 3073s -> /global/u1/l/linusu/GIGALens-Code/experiments/sim_carousel/de_mclmc_prototype/pt_carousel.npz
