all-secondary init: occ(global)=0.000 (should be 0); logp=-119527.5  L0=10.58 ss0(prod)=0.0484

[tune] EEVPD step tuning at beta=1 on the real carousel ...
   [tune beta=1] step=0.01000  EEVPD=1.507e-08  (target 5.0e-04)
   [tune beta=1] step=0.01468  EEVPD=6.333e-08  (target 5.0e-04)
   [tune beta=1] step=0.02154  EEVPD=6.380e-07  (target 5.0e-04)
   [tune beta=1] step=0.03162  EEVPD=9.036e-06  (target 5.0e-04)
   [tune beta=1] step=0.04642  EEVPD=8.290e-05  (target 5.0e-04)
   [tune beta=1] step=0.06813  EEVPD=4.635e-04  (target 5.0e-04)
   [tune beta=1] step=0.10000  EEVPD=6.727e-03  (target 5.0e-04)
   [tune beta=1] step=0.14678  EEVPD=2.119e-01  (target 5.0e-04)
   [tune beta=1] step=0.21544  EEVPD=3.816e+00  (target 5.0e-04)
   [tune beta=1] step=0.31623  EEVPD=7.613e+01  (target 5.0e-04)
   [tune beta=1] step=0.46416  EEVPD=3.877e+01  (target 5.0e-04)
   [tune beta=1] step=0.68129  EEVPD=1.539e+03  (target 5.0e-04)
   [tune beta=1] step=1.00000  EEVPD=2.593e+04  (target 5.0e-04)
   [tune beta=1] EEVPD-tuned step ~= 0.06887
[tune] EEVPD-tuned step=0.06887  (production adapted ss0=0.0484)

betas (geom 0.02->1.0, 12): [np.float64(0.02), np.float64(0.029), np.float64(0.041), np.float64(0.058), np.float64(0.083), np.float64(0.118), np.float64(0.169), np.float64(0.241), np.float64(0.344), np.float64(0.491), np.float64(0.701), np.float64(1.0)]

[anneal] cooling ladder, 400 steps/beta ...
  beta   occ(global)  stage_EEVPD(<=5e-04 faithful)
  0.020   0.125        4.14e-10 ok
  0.029   0.188        4.38e-09 ok
  0.041   0.188        7.53e-08 ok
  0.058   0.188        7.13e-07 ok
  0.083   0.312        9.62e-06 ok
  0.118   0.375        1.50e-04 ok
  0.169   0.500        3.69e-03 COARSE
  0.241   0.375        5.20e-02 COARSE
  0.344   0.438        3.20e-01 COARSE
  0.491   0.438        4.07e+00 COARSE
  0.701   0.438        1.35e+00 COARSE
  1.000   0.500        8.75e+00 COARSE
[anneal] post-anneal occ(global)=0.500

[cold] sampling at beta=1 from annealed ensemble (2000 steps) ...
[cold] occ(global) last1000=0.500  (truth ~1.0; secondary ~1e-5)

[vanilla] beta=1 MCLMC from all-secondary init (no anneal; should stay trapped) ...
[vanilla] occ(global) last1000=0.000  (should stay ~0 = trapped)

========== RESULT (PROPOSED/UNCERTIFIED) ==========
  tempered burn-in cold occ(global) = 0.500
  vanilla (trapped) cold occ(global) = 0.000
  DISCOVERY (tempering >> vanilla): YES  | wall 2096s
  -> /global/u1/l/linusu/GIGALens-Code/experiments/sim_carousel/de_mclmc_prototype/tempering_carousel.npz
